should match snapshot of default values:
  1: |
    apiVersion: apps/v1
    kind: Deployment
    metadata:
      labels:
        app.kubernetes.io/instance: NAMESPACE
        app.kubernetes.io/managed-by: Helm
        app.kubernetes.io/part-of: flux
        app.kubernetes.io/version: 0.37.0
        control-plane: controller
        helm.sh/chart: flux2-2.5.1
      name: source-controller
    spec:
      replicas: 1
      selector:
        matchLabels:
          app: source-controller
      strategy:
        type: Recreate
      template:
        metadata:
          annotations:
            prometheus.io/port: "8080"
            prometheus.io/scrape: "true"
          labels:
            app: source-controller
        spec:
          automountServiceAccountToken: true
          containers:
          - args:
            - --events-addr=http://notification-controller.$(RUNTIME_NAMESPACE).svc.cluster.local.
            - --watch-all-namespaces=true
            - --log-level=info
            - --log-encoding=json
            - --enable-leader-election
            - --storage-path=/data
            - --storage-adv-addr=source-controller.$(RUNTIME_NAMESPACE).svc.cluster.local.
            env:
            - name: RUNTIME_NAMESPACE
              valueFrom:
                fieldRef:
                  fieldPath: metadata.namespace
            image: ghcr.io/fluxcd/source-controller:v0.32.1
            imagePullPolicy: IfNotPresent
            livenessProbe:
              httpGet:
                path: /healthz
                port: healthz
            name: manager
            ports:
            - containerPort: 9090
              name: http
              protocol: TCP
            - containerPort: 8080
              name: http-prom
              protocol: TCP
            - containerPort: 9440
              name: healthz
              protocol: TCP
            readinessProbe:
              httpGet:
                path: /
                port: http
            resources:
              limits: {}
              requests:
                cpu: 100m
                memory: 64Mi
            securityContext:
              allowPrivilegeEscalation: false
              capabilities:
                drop:
                - ALL
              readOnlyRootFilesystem: true
              runAsNonRoot: true
              seccompProfile:
                type: RuntimeDefault
            volumeMounts:
            - mountPath: /data
              name: data
            - mountPath: /tmp
              name: tmp
          securityContext:
            fsGroup: 1337
          serviceAccountName: source-controller
          terminationGracePeriodSeconds: 10
          volumes:
          - emptyDir: {}
            name: data
          - emptyDir: {}
            name: tmp
